../Core/Src/main.c:62:6:adjust_PWM_dutyCycle	32	static
../Core/Src/main.c:73:6:HAL_TIM_IC_CaptureCallback	16	static
../Core/Src/main.c:119:5:main	16	static
../Core/Src/main.c:250:6:SystemClock_Config	88	static
../Core/Src/main.c:293:6:RC_Car_Move_Forward	8	static
../Core/Src/main.c:299:6:RC_Car_Move_Backward	8	static
../Core/Src/main.c:305:6:RC_Car_Move_Right	8	static
../Core/Src/main.c:311:6:RC_Car_Move_Left	8	static
../Core/Src/main.c:317:6:RC_Car_Stop	8	static
../Core/Src/main.c:328:6:Error_Handler	4	static,ignoring_inline_asm
